<html>
<body>
<pre>
<h1>µVision Build Log</h1>
<h2>Tool Versions:</h2>
IDE-Version: ¦ÌVision V5.42.0.0
Copyright (C) 2025 ARM Ltd and ARM Germany GmbH. All rights reserved.
License Information: 1 1, 11, LIC=9WSKC-7YYS8-PCEJ8-3N7E2-0HQER-7C8XU
 
Tool Versions:
Toolchain:       MDK-ARM Plus  Version: 5.42.0.0
Toolchain Path:  E:\MDK\Core\ARM\5.06\Bin
C Compiler:      Armcc.exe V5.06 update 7 (build 960)
Assembler:       Armasm.exe V5.06 update 7 (build 960)
Linker/Locator:  ArmLink.exe V5.06 update 7 (build 960)
Library Manager: ArmAr.exe V5.06 update 7 (build 960)
Hex Converter:   FromElf.exe V5.06 update 7 (build 960)
CPU DLL:         SARMCM3.DLL V5.42.0.0
Dialog DLL:      DCM.DLL V1.17.5.0
Target DLL:      Segger\JL2CM3.dll V2.99.45.0
Dialog DLL:      TCM.DLL V1.56.6.0
 
<h2>Project:</h2>
C:\Users\18194\Desktop\QDF\Projects\MDK-ARM\atk_f407.uvprojx
Project File Date:  01/19/2026

<h2>Output:</h2>
*** Using Compiler 'V5.06 update 7 (build 960)', folder: 'E:\MDK\Core\ARM\5.06\Bin'
Rebuild target 'emWin'
Note: source file '..\..\Drivers\SYSTEM\usart\usart.c' - object file renamed from '..\..\Output\usart.o' to '..\..\Output\usart_1.o'.
assembling startup_stm32f407xx.s...
compiling USART_.c...
compiling stm32f4xx_it.c...
compiling system_stm32f4xx.c...
compiling delay.c...
compiling sys.c...
compiling keyapp.c...
compiling main.c...
compiling FreeModbusApp.c...
compiling valve.c...
compiling UI.c...
compiling task.c...
compiling usart.c...
compiling stm32f4xx_hal.c...
compiling stm32f4xx_hal_rcc.c...
compiling stm32f4xx_hal_gpio.c...
compiling stm32f4xx_hal_cortex.c...
compiling stm32f4xx_hal_pwr_ex.c...
compiling stm32f4xx_hal_rcc_ex.c...
compiling stm32f4xx_hal_pwr.c...
compiling stm32f4xx_hal_usart.c...
compiling stm32f4xx_hal_dma_ex.c...
compiling stm32f4xx_hal_uart.c...
compiling stm32f4xx_hal_tim_ex.c...
compiling stm32f4xx_hal_tim.c...
compiling stm32f4xx_hal_sram.c...
compiling stm32f4xx_ll_fsmc.c...
compiling stm32f4xx_hal_dma.c...
compiling stm32f4xx_hal_i2c_ex.c...
compiling stm32f4xx_hal_adc.c...
compiling stm32f4xx_hal_adc_ex.c...
compiling stm32f4xx_hal_flash.c...
compiling stm32f4xx_hal_msp_template.c...
compiling stm32f4xx_hal_spi.c...
compiling stm32f4xx_hal_i2c.c...
compiling stm32f4xx_hal_iwdg.c...
compiling stm32f4xx_hal_flash_ex.c...
compiling led.c...
compiling key.c...
compiling lcd.c...
compiling brushless motor.c...
compiling pushmotor.c...
compiling Intput.c...
compiling press.c...
compiling max31865.c...
compiling Output.c...
compiling rtciic.c...
compiling iic.c...
compiling pcf8563.c...
compiling mb85rc16.c...
compiling GUIConf.c...
compiling bsp_cpu.c...
compiling spi.c...
compiling GUI_X_uCOS.c...
compiling w25qxx.c...
compiling adc.c...
compiling bsp_iwdg.c...
compiling bsp_os_dt.c...
assembling cpu_a.asm...
compiling ota.c...
compiling GUI_X_Touch_Analog.c...
compiling LCDConf.c...
compiling cpu_c.c...
compiling lib_ascii.c...
compiling cpu_core.c...
compiling GUIDRV_Template.c...
compiling lib_math.c...
compiling os_app_hooks.c...
assembling os_cpu_a.asm...
compiling lib_mem.c...
compiling os_cpu_c.c...
compiling lib_str.c...
compiling os_cfg_app.c...
compiling os_core.c...
compiling os_dbg.c...
compiling os_flag.c...
compiling os_mem.c...
compiling os_msg.c...
compiling os_mutex.c...
compiling os_prio.c...
compiling os_q.c...
compiling os_sem.c...
compiling os_stat.c...
compiling os_task.c...
compiling os_tick.c...
compiling os_time.c...
compiling os_tmr.c...
compiling os_var.c...
compiling SimSun_1616.c...
compiling SimSun_2424.c...
compiling mbfuncdiag.c...
compiling mbascii.c...
compiling mbfuncinput.c...
compiling mbfuncholding.c...
compiling mbfuncdisc.c...
compiling mb.c...
compiling mbrtu.c...
compiling mbtcp.c...
compiling mbutils.c...
compiling mbfunccoils.c...
compiling mbcrc.c...
compiling mbfuncother.c...
compiling portevent.c...
compiling portserial.c...
compiling porttimer.c...
linking...
Program Size: Code=110790 RO-data=45602 RW-data=1132 ZI-data=106644  
FromELF: creating hex file...
After Build - User command #1: fromelf --bin -o "..\..\Output\atk_f407.bin" "..\..\Output\atk_f407.axf"
"..\..\Output\atk_f407.axf" - 0 Error(s), 0 Warning(s).

<h2>Software Packages used:</h2>

Package Vendor: Keil
                https://www.keil.com/pack/Keil.STM32F4xx_DFP.3.0.0.pack
                Keil::STM32F4xx_DFP@3.0.0
                STMicroelectronics STM32F4 Series Device Support

<h2>Collection of Component include folders:</h2>

<h2>Collection of Component Files used:</h2>
Build Time Elapsed:  00:00:08
</pre>
</body>
</html>
